#-----------------------------------------------------------
# Vivado v2023.1.1 (64-bit)
# SW Build 3900603 on Fri Jun 16 19:31:24 MDT 2023
# IP Build 3900379 on Sat Jun 17 05:28:05 MDT 2023
# SharedData Build 3899622 on Fri Jun 16 03:34:24 MDT 2023
# Start of session at: Fri Jan  5 00:16:22 2024
# Process ID: 28364
# Current directory: D:/data/vivado/project_1_hello/pl/project_1_hello.runs/design_1_zynq_ultra_ps_e_0_0_synth_1
# Command line: vivado.exe -log design_1_zynq_ultra_ps_e_0_0.vds -product Vivado -mode batch -messageDb vivado.pb -notrace -source design_1_zynq_ultra_ps_e_0_0.tcl
# Log file: D:/data/vivado/project_1_hello/pl/project_1_hello.runs/design_1_zynq_ultra_ps_e_0_0_synth_1/design_1_zynq_ultra_ps_e_0_0.vds
# Journal file: D:/data/vivado/project_1_hello/pl/project_1_hello.runs/design_1_zynq_ultra_ps_e_0_0_synth_1\vivado.jou
# Running On: DESKTOP-9CIOIBV, OS: Windows, CPU Frequency: 3494 MHz, CPU Physical cores: 14, Host memory: 34163 MB
#-----------------------------------------------------------
source design_1_zynq_ultra_ps_e_0_0.tcl -notrace
